// Jest Snapshot v1, https://goo.gl/fbAQLP

exports[`<Company /> renders correctly 1`] = `ShallowWrapper {}`;
